---
source: tests/it/debug.rs
expression: "ArtifactMaxAge::try_from(input).expect_err(\"must have failed validation\")"
info: 1ms
---
validate retention age
├╴at {source location}
├╴context: provided value: 1ms
│
╰─▶ retention value is too small
    ├╴at {source location}
    ╰╴help: must be at least 1s
